[pablos-five-star-site-ec8797.webflow.io/index.html]
[backblue.gif]
[fade.gif]
[index.html]
[uploads-ssl.webflow.com/6507a1b275ab5411bd87b9dd/css/pablos-five-star-site-ec8797.webflow.3d44ace3c.css]
[ajax.googleapis.com/ajax/libs/webfont/1.6.26/webfont.js]
[uploads-ssl.webflow.com/img/webclip.png]
[pablos-five-star-site-ec8797.webflow.io/latest-posts.html]
[uploads-ssl.webflow.com/6507a1b275ab5411bd87ba1f/6507a1b275ab5411bd87ba98_image-15.jpg]
[uploads-ssl.webflow.com/6507a1b275ab5411bd87ba1f/6507a1b275ab5411bd87ba97_image-14.jpg]
[uploads-ssl.webflow.com/6507a1b275ab5411bd87ba1f/6507a1b275ab5411bd87ba9d_image-13.jpg]
[uploads-ssl.webflow.com/6507a1b275ab5411bd87ba1f/6507a1b275ab5411bd87ba96_image-12.jpg]
[uploads-ssl.webflow.com/6507a1b275ab5411bd87ba1f/6507a1b275ab5411bd87ba95_image-11.jpg]
[pablos-five-star-site-ec8797.webflow.io/posts/anonymous-israeli-art-collective.html]
[uploads-ssl.webflow.com/6507a1b275ab5411bd87ba1f/6507a1b275ab5411bd87ba99_image-10.jpg]
[uploads-ssl.webflow.com/6507a1b275ab5411bd87ba1f/6507a1b275ab5411bd87ba90_image-9.jpg]
[uploads-ssl.webflow.com/6507a1b275ab5411bd87ba1f/6507a1b275ab5411bd87ba8f_image-8.jpg]
[uploads-ssl.webflow.com/6507a1b275ab5411bd87ba1f/6507a1b275ab5411bd87ba7b_image_large.jpg]
[uploads-ssl.webflow.com/6507a1b275ab5411bd87ba1f/6507a1b275ab5411bd87ba83_image-1.jpg]
[uploads-ssl.webflow.com/6507a1b275ab5411bd87ba1f/6507a1b275ab5411bd87ba7c_image-2.jpg]
[uploads-ssl.webflow.com/6507a1b275ab5411bd87ba1f/6507a1b275ab5411bd87ba84_image-3.jpg]
[d3e54v103j8qbb.cloudfront.net/js/jquery-3.5.1.min.dc5e7f18c81957.js]
[pablos-five-star-site-ec8797.webflow.io/index.html]
[uploads-ssl.webflow.com/6507a1b275ab5411bd87b9dd/js/webflow.8918a8252.js]
[uploads-ssl.webflow.com/6507a1b275ab5411bd87b9dd/6507a1b275ab5411bd87ba3a_image-header.jpg]
[uploads-ssl.webflow.com/6507a1b275ab5411bd87b9dd/css/pablos-five-star-site-ec8797.webflow.3d44ace3c.css]
[uploads-ssl.webflow.com/6507a1b275ab5411bd87ba1f/6507a1b275ab5411bd87ba7d_image-7.jpg]
[uploads-ssl.webflow.com/6507a1b275ab5411bd87ba1f/6507a1b275ab5411bd87ba8c_image-6.jpg]
[uploads-ssl.webflow.com/6507a1b275ab5411bd87ba1f/6507a1b275ab5411bd87ba87_image-5.jpg]
[uploads-ssl.webflow.com/6507a1b275ab5411bd87ba1f/6507a1b275ab5411bd87ba88_image-4.jpg]
[pablos-five-star-site-ec8797.webflow.io/latest-posts.html]
[uploads-ssl.webflow.com/6507a1b275ab5411bd87ba1f/6507a1b275ab5411bd87baa9_article-image.jpg]
[uploads-ssl.webflow.com/6507a1b275ab5411bd87ba1f/6507a1b275ab5411bd87baaa_article-image-2.jpg]
[pablos-five-star-site-ec8797.webflow.io/posts/anonymous-israeli-art-collective.html]
[pablos-five-star-site-ec8797.webflow.io/about]
[pablos-five-star-site-ec8797.webflow.io/posts/japan-house-opens]
[pablos-five-star-site-ec8797.webflow.io/category/illustration]
[pablos-five-star-site-ec8797.webflow.io/team-members/reta-torphy]
[pablos-five-star-site-ec8797.webflow.io/posts/helmut-lang-celebrates]
[pablos-five-star-site-ec8797.webflow.io/category/photography]
[pablos-five-star-site-ec8797.webflow.io/team-members/alessandra-ortiz]
[pablos-five-star-site-ec8797.webflow.io/posts/bowlcut-launch-a-new-summer-collection]
[pablos-five-star-site-ec8797.webflow.io/team-members/rosanna-ondricka]
[pablos-five-star-site-ec8797.webflow.io/posts/thousands-of-previously-unseen-photographs]
[pablos-five-star-site-ec8797.webflow.io/team-members/adonis-lueilwitz]
[pablos-five-star-site-ec8797.webflow.io/posts/yinka-ilori]
[pablos-five-star-site-ec8797.webflow.io/category/interactive-design]
[pablos-five-star-site-ec8797.webflow.io/category/graphic-design]
[pablos-five-star-site-ec8797.webflow.io/team-members/simeon-brekke]
[pablos-five-star-site-ec8797.webflow.io/posts/suzanne-saroff]
[pablos-five-star-site-ec8797.webflow.io/category/architecture]
[pablos-five-star-site-ec8797.webflow.io/posts/anu-ambasna]
[pablos-five-star-site-ec8797.webflow.io/team-members/leopoldo-bartell]
[pablos-five-star-site-ec8797.webflow.io/posts/a-brief-history]
[pablos-five-star-site-ec8797.webflow.io/team-members/nels-armstrong]
[pablos-five-star-site-ec8797.webflow.io/posts/la-design-guide]
[pablos-five-star-site-ec8797.webflow.io/posts/fred-rowson]
[pablos-five-star-site-ec8797.webflow.io/team-members/coby-gottlieb]
[pablos-five-star-site-ec8797.webflow.io/posts/mc-saatchi-fontsmith]
[pablos-five-star-site-ec8797.webflow.io/category/animation]
[pablos-five-star-site-ec8797.webflow.io/category/miscellaneous]
[pablos-five-star-site-ec8797.webflow.io/category/product-design]
[pablos-five-star-site-ec8797.webflow.io/image-license-info]
[pablos-five-star-site-ec8797.webflow.io/posts/rudy-guedj]
[pablos-five-star-site-ec8797.webflow.io/team-members/albin-waters]
[pablos-five-star-site-ec8797.webflow.io/posts/how-alex-prager]
[pablos-five-star-site-ec8797.webflow.io/team-members/misty-legros]
[pablos-five-star-site-ec8797.webflow.io/posts/new-platform-holdframe]
[pablos-five-star-site-ec8797.webflow.io/posts/july-things]
[pablos-five-star-site-ec8797.webflow.io/posts/_https_/uploads-ssl.webflow.com/6507a1b275ab5411bd87ba1f/6507a1b275ab5411bd87baa7_2.jpg_]
